// Jest Snapshot v1, https://goo.gl/fbAQLP

exports[`should match flight details ui in admin 1`] = `ShallowWrapper {}`;
