// Jest Snapshot v1, https://goo.gl/fbAQLP

exports[`should display passenger list with name ancillary services 1`] = `ShallowWrapper {}`;
