// Jest Snapshot v1, https://goo.gl/fbAQLP

exports[`should be opening modal and display passenger 1`] = `ShallowWrapper {}`;
