// Jest Snapshot v1, https://goo.gl/fbAQLP

exports[`check snapshot of form four fields , one field with icon and one fields disabled 1`] = `ShallowWrapper {}`;
